// Jest Snapshot v1, https://goo.gl/fbAQLP

exports[`Knex Provider it fails migrations v3 in prod 1`] = `[Error: ... migration 2 has a hash mismatch, aborting ...]`;

exports[`Knex Provider it fails migrations v3 in prod 2`] = `
Array [
  Object {
    "id": 1,
  },
  Object {
    "id": 2,
  },
  Object {
    "id": 3,
  },
]
`;

exports[`Knex Provider it fails migrations v3 in prod 3`] = `
Array [
  Object {
    "id": 4,
  },
  Object {
    "id": 5,
  },
  Object {
    "id": 6,
  },
]
`;

exports[`Knex Provider it runs migrations v1 1`] = `
Array [
  Object {
    "id": 1,
  },
  Object {
    "id": 2,
  },
  Object {
    "id": 3,
  },
]
`;

exports[`Knex Provider it runs migrations v2 1`] = `
Array [
  Object {
    "id": 1,
  },
  Object {
    "id": 2,
  },
  Object {
    "id": 3,
  },
]
`;

exports[`Knex Provider it runs migrations v2 2`] = `
Array [
  Object {
    "id": 4,
  },
  Object {
    "id": 5,
  },
  Object {
    "id": 6,
  },
]
`;

exports[`Knex Provider it runs migrations v3 in dev 1`] = `
Array [
  Object {
    "id": 1,
  },
  Object {
    "id": 2,
  },
  Object {
    "id": 3,
  },
]
`;

exports[`Knex Provider it runs migrations v3 in dev 2`] = `
Array [
  Object {
    "id": 7,
  },
  Object {
    "id": 8,
  },
  Object {
    "id": 9,
  },
  Object {
    "id": 10,
  },
]
`;
